// Jest Snapshot v1, https://goo.gl/fbAQLP

exports[`matches snapshot 1 1`] = `
<div
  style={
    Object {
      "backgroundColor": "whitesmoke",
      "borderRadius": 40,
      "height": undefined,
      "margin": 50,
      "width": "300%",
    }
  }
>
  <div
    style={
      Object {
        "backgroundColor": undefined,
        "borderRadius": 40,
        "height": "100%",
        "textAlign": "right",
        "width": "undefined%",
      }
    }
  />
</div>
`;
